// Jest Snapshot v1, https://goo.gl/fbAQLP

exports[`TalkInfo 1`] = `
<div
  className="sc-gsTCUz gCgpQH"
>
  <div
    className="sc-bdfBwQ MrQxr"
  >
    <h2
      className="sc-dlfnbm EfhGP"
    >
      ほげふが
    </h2>
    <div
      className="sc-eCssSg dAwEgz"
    >
      <div
        className="sc-jSgupP kPMSyW"
      >
        alice / bob
      </div>
      <div
        style={
          Object {
            "paddingRight": "20px",
          }
        }
      />
    </div>
    <div
      className="sc-gKsewC kXjrHy"
    >
      ぴよぴよ
    </div>
    <div
      className="sc-fubCfw iXuTbZ"
    >
      <img
        className="sc-pFZIQ ehvigS"
        src="/o11y2022/ui/talk_icon.png"
      />
      一緒に盛り上がろう
    </div>
    <div
      className="sc-jrAGrp iSvhwg"
    >
      <a
        className="sc-kEjbxe cgtSAu"
        href="http://twitter.com/share?url=https://event.cloudnativedays.jp/o11y2022&related=@cloudnativedays&hashtags=o11y2022"
        target="_blank"
      >
        <button
          className="MuiButtonBase-root MuiButton-root MuiButton-text sc-dQppl WRCRi"
          disabled={false}
          onBlur={[Function]}
          onDragLeave={[Function]}
          onFocus={[Function]}
          onKeyDown={[Function]}
          onKeyUp={[Function]}
          onMouseDown={[Function]}
          onMouseLeave={[Function]}
          onMouseUp={[Function]}
          onTouchEnd={[Function]}
          onTouchMove={[Function]}
          onTouchStart={[Function]}
          tabIndex={0}
          type="button"
        >
          <span
            className="MuiButton-label"
          >
            <img
              className="sc-bqyKva cKheEB"
              src="/o11y2022/ui/twitter_logo.png"
            />
            tweet #o11y2022_undefined
          </span>
        </button>
      </a>
    </div>
  </div>
</div>
`;
