// Jest Snapshot v1, https://goo.gl/fbAQLP

exports[`CTrackSelector should render child component 1`] = `
<DocumentFragment>
  <div
    data-testid="tgt"
  />
</DocumentFragment>
`;
